// Jest Snapshot v1, https://goo.gl/fbAQLP

exports[`renders heart 1`] = `
<View
  style={
    Object {
      "flex": 1,
      "flexDirection": "row",
      "paddingVertical": 2,
    }
  }
>
  <Text
    accessible={true}
    allowFontScaling={true}
    ellipsizeMode="tail"
    style={
      Object {
        "color": "gray",
        "fontSize": 11,
      }
    }
  >
     #
    A
     
  </Text>
  <Text
    accessible={true}
    allowFontScaling={true}
    ellipsizeMode="tail"
    style={
      Object {
        "color": "gray",
        "fontSize": 11,
      }
    }
  >
     #
    B
     
  </Text>
  <Text
    accessible={true}
    allowFontScaling={true}
    ellipsizeMode="tail"
    style={
      Object {
        "color": "gray",
        "fontSize": 11,
      }
    }
  >
     #
    C
     
  </Text>
</View>
`;
