// Jest Snapshot v1, https://goo.gl/fbAQLP

exports[`renders heart 1`] = `
<View
  style={
    Object {
      "backgroundColor": "white",
      "flex": 1,
    }
  }
>
  <Text
    accessible={true}
    allowFontScaling={false}
    ellipsizeMode="tail"
    style={
      Array [
        Object {
          "color": "white",
          "fontSize": 200,
        },
        Object {
          "backgroundColor": "#e3e7ed",
          "height": 200,
          "textAlign": "center",
        },
        Object {
          "fontFamily": "FontAwesome",
          "fontStyle": "normal",
          "fontWeight": "normal",
        },
      ]
    }
  >
    
  </Text>
  <View
    style={
      Object {
        "alignItems": "center",
        "borderRadius": 20,
        "height": 40,
        "justifyContent": "center",
        "marginTop": -20,
        "position": "absolute",
        "right": 15,
        "shadowColor": "#5d5f63",
        "shadowOffset": Object {
          "height": 1,
          "width": 1,
        },
        "shadowOpacity": 0.6,
        "top": 200,
        "width": 40,
        "zIndex": 1000,
      }
    }
  >
    <View
      accessibilityComponentType={undefined}
      accessibilityLabel={undefined}
      accessibilityTraits={undefined}
      accessible={true}
      hasTVPreferredFocus={undefined}
      hitSlop={undefined}
      isTVSelectable={true}
      onLayout={undefined}
      onResponderGrant={[Function]}
      onResponderMove={[Function]}
      onResponderRelease={[Function]}
      onResponderTerminate={[Function]}
      onResponderTerminationRequest={[Function]}
      onStartShouldSetResponder={[Function]}
      style={
        Array [
          Object {
            "backgroundColor": "transparent",
          },
          undefined,
        ]
      }
      testID={undefined}
      tvParallaxProperties={undefined}
    >
      <Text
        accessible={true}
        allowFontScaling={false}
        ellipsizeMode="tail"
        style={
          Array [
            Object {
              "color": "#484848",
              "fontSize": 18,
            },
            undefined,
            Object {
              "fontFamily": "FontAwesome",
              "fontStyle": "normal",
              "fontWeight": "normal",
            },
          ]
        }
      >
        
      </Text>
    </View>
  </View>
  <View
    style={
      Object {
        "padding": 20,
      }
    }
  >
    <Text
      accessible={true}
      allowFontScaling={true}
      ellipsizeMode="tail"
      style={
        Object {
          "color": "#484848",
          "fontSize": 20,
          "fontWeight": "700",
        }
      }
    >
      zal
    </Text>
    <Text
      accessible={true}
      allowFontScaling={true}
      ellipsizeMode="tail"
      style={
        Object {
          "color": "#5d5f63",
          "fontSize": 15,
          "fontWeight": "100",
          "paddingVertical": 10,
        }
      }
    >
      Member Since May 2015
    </Text>
  </View>
</View>
`;
