// Jest Snapshot v1, https://goo.gl/fbAQLP

exports[`renders Footer 1`] = `
<View
  accessibilityComponentType={undefined}
  accessibilityLabel={undefined}
  accessibilityTraits={undefined}
  accessible={true}
  hasTVPreferredFocus={undefined}
  hitSlop={undefined}
  isTVSelectable={true}
  onLayout={undefined}
  onResponderGrant={[Function]}
  onResponderMove={[Function]}
  onResponderRelease={[Function]}
  onResponderTerminate={[Function]}
  onResponderTerminationRequest={[Function]}
  onStartShouldSetResponder={[Function]}
  style={
    Array [
      Object {
        "backgroundColor": "transparent",
      },
      Array [
        Object {
          "alignItems": "center",
          "backgroundColor": "#d60c3f",
          "borderColor": "transparent",
          "bottom": 0,
          "height": 56,
          "justifyContent": "center",
          "left": 0,
          "position": "absolute",
          "right": 0,
        },
        false,
      ],
    ]
  }
  testID={undefined}
  tvParallaxProperties={undefined}
>
  <Text
    accessible={true}
    allowFontScaling={true}
    ellipsizeMode="tail"
    style={
      Object {
        "color": "white",
        "fontSize": 18,
        "fontWeight": "500",
      }
    }
  >
    Next
  </Text>
</View>
`;
